﻿[dotenv@17.3.1] injecting env (6) from .env -- tip: ≡ƒ¢á∩╕Å  run anywhere with `dotenvx run -- yourcommand`

=== SCENARIO: Face Present Check ===
HTTP Status: 201
Response Body: {
  "message": "Complaint processed",
  "complaint": {
    "id": 31,
    "complaint_id": 31,
    "order_id": 17,
    "customer_id": 1,
    "restaurant_id": 1,
    "type": "QUALITY_ISSUE",
    "description": "E2E Test: Face Present Check",
    "status": "AUTO_REJECTED",
    "ai_decision": "APPROVE",
    "trust_score": 95,
    "ai_score": 95,
    "decision_reason": "Refund rejected: Face detected in evidence photos (MOCK).",
    "image_path": "/uploads/complaints/camera-00486de5-1e75-410e-9fd2-b7a59c5afefd-1-1779872441803_mock_face_present.png",
    "image_path_2": "/uploads/complaints/camera-00486de5-1e75-410e-9fd2-b7a59c5afefd-2-1779872441804_mock_face_present.png",
    "image_path_3": "/uploads/complaints/camera-00486de5-1e75-410e-9fd2-b7a59c5afefd-3-1779872441819_mock_face_present.png",
    "image_is_ai": 0,
    "suspicious_capture": 0,
    "verification_decision": "REJECT_FACE_PRESENT",
    "verification_confidence": 1,
    "ai_confidence": 1,
    "verification_reason": "Face detected in evidence photos (MOCK).",
    "challenge_completed": 1,
    "created_at": "2026-05-27T09:00:42.379Z",
    "predicted_label": null,
    "prediction_confidence": 0,
    "face_detected": 1,
    "expected_labels": "[\"hamburger\"]",
    "verifier_decision": "REJECT_FACE_PRESENT",
    "verifier_reason": "Face detected in evidence photos (MOCK).",
    "mismatch_attempts": 0,
    "warning_state": null,
    "raw_verifier_response": "{\"is_ai_generated\":false,\"is_appropriate\":false,\"confidence\":1,\"reason\":\"Face detected in evidence photos (MOCK).\",\"decision\":\"REJECT_FACE_PRESENT\",\"suspicious_capture\":false,\"challenge_consistent\":true,\"checks\":{\"files_valid\":true,\"quality_ok\":true,\"screen_recap_suspected\":false,\"metadata_ok\":true},\"ai_provider\":null,\"face_detected\":true,\"predicted_label\":null,\"prediction_confidence\":0,\"expected_labels\":[\"hamburger\"],\"matched_frames\":0,\"total_frames\":3,\"per_frame_predictions\":[],\"raw model summary\":\"None\",\"verified\":true}"
  }
}
--- Database Verification ---
predicted_label: null
prediction_confidence: 0
expected_labels: ["hamburger"]
face_detected: 1
verifier_decision: REJECT_FACE_PRESENT
verifier_reason: Face detected in evidence photos (MOCK).
mismatch_attempts: 0
warning_state: null
final status in DB: AUTO_REJECTED

=== SCENARIO: Non-Food Low Confidence Check ===
HTTP Status: 201
Response Body: {
  "message": "Complaint processed",
  "complaint": {
    "id": 32,
    "complaint_id": 32,
    "order_id": 17,
    "customer_id": 1,
    "restaurant_id": 1,
    "type": "QUALITY_ISSUE",
    "description": "E2E Test: Non-Food Low Confidence Check",
    "status": "AUTO_REJECTED",
    "ai_decision": "APPROVE",
    "trust_score": 95,
    "ai_score": 95,
    "decision_reason": "Refund rejected: All evidence photos lack recognizable food features (MOCK).",
    "image_path": "/uploads/complaints/camera-4255f57f-6fb9-41a4-8b35-2c3a7a7f06c8-1-1779872442431_mock_non_food.png",
    "image_path_2": "/uploads/complaints/camera-4255f57f-6fb9-41a4-8b35-2c3a7a7f06c8-2-1779872442433_mock_non_food.png",
    "image_path_3": "/uploads/complaints/camera-4255f57f-6fb9-41a4-8b35-2c3a7a7f06c8-3-1779872442443_mock_non_food.png",
    "image_is_ai": 0,
    "suspicious_capture": 0,
    "verification_decision": "REJECT_NON_FOOD",
    "verification_confidence": 0.25,
    "ai_confidence": 0.25,
    "verification_reason": "All evidence photos lack recognizable food features (MOCK).",
    "challenge_completed": 1,
    "created_at": "2026-05-27T09:00:43.052Z",
    "predicted_label": "blank",
    "prediction_confidence": 0.25,
    "face_detected": 0,
    "expected_labels": "[\"hamburger\"]",
    "verifier_decision": "REJECT_NON_FOOD",
    "verifier_reason": "All evidence photos lack recognizable food features (MOCK).",
    "mismatch_attempts": 0,
    "warning_state": null,
    "raw_verifier_response": "{\"is_ai_generated\":false,\"is_appropriate\":false,\"confidence\":0.25,\"reason\":\"All evidence photos lack recognizable food features (MOCK).\",\"decision\":\"REJECT_NON_FOOD\",\"suspicious_capture\":false,\"challenge_consistent\":true,\"checks\":{\"files_valid\":true,\"quality_ok\":true,\"screen_recap_suspected\":false,\"metadata_ok\":true},\"ai_provider\":null,\"face_detected\":false,\"predicted_label\":\"blank\",\"prediction_confidence\":0.25,\"expected_labels\":[\"hamburger\"],\"matched_frames\":0,\"total_frames\":3,\"per_frame_predictions\":[],\"raw model summary\":\"None\",\"verified\":true}"
  }
}
--- Database Verification ---
predicted_label: blank
prediction_confidence: 0.25
expected_labels: ["hamburger"]
face_detected: 0
verifier_decision: REJECT_NON_FOOD
verifier_reason: All evidence photos lack recognizable food features (MOCK).
mismatch_attempts: 0
warning_state: null
final status in DB: AUTO_REJECTED

=== SCENARIO: Food Mismatch (First Attempt) ===
HTTP Status: 201
Response Body: {
  "message": "Complaint processed",
  "complaint": {
    "id": 33,
    "complaint_id": 33,
    "order_id": 17,
    "customer_id": 1,
    "restaurant_id": 1,
    "type": "QUALITY_ISSUE",
    "description": "E2E Test: Food Mismatch (First Attempt)",
    "status": "PENDING",
    "ai_decision": "APPROVE",
    "trust_score": 95,
    "ai_score": 95,
    "decision_reason": "Camera evidence verified. Trust evaluation: approved (95/100). policy: Food mismatch: ordered item maps to expected, but evidence consistently shows pizza (MOCK).",
    "image_path": "/uploads/complaints/camera-d9c3db2a-ee04-48fe-87b8-32e3ddcb43be-1-1779872443092_mock_mismatch.png",
    "image_path_2": "/uploads/complaints/camera-d9c3db2a-ee04-48fe-87b8-32e3ddcb43be-2-1779872443093_mock_mismatch.png",
    "image_path_3": "/uploads/complaints/camera-d9c3db2a-ee04-48fe-87b8-32e3ddcb43be-3-1779872443095_mock_mismatch.png",
    "image_is_ai": 0,
    "suspicious_capture": 0,
    "verification_decision": "FOOD_MISMATCH",
    "verification_confidence": 0.85,
    "ai_confidence": 0.85,
    "verification_reason": "Food mismatch: ordered item maps to expected, but evidence consistently shows pizza (MOCK).",
    "challenge_completed": 1,
    "created_at": "2026-05-27T09:00:43.679Z",
    "predicted_label": "pizza",
    "prediction_confidence": 0.85,
    "face_detected": 0,
    "expected_labels": "[\"hamburger\"]",
    "verifier_decision": "FOOD_MISMATCH",
    "verifier_reason": "Food mismatch: ordered item maps to expected, but evidence consistently shows pizza (MOCK).",
    "mismatch_attempts": 1,
    "warning_state": "WARNING_SENT",
    "raw_verifier_response": "{\"is_ai_generated\":false,\"is_appropriate\":false,\"confidence\":0.85,\"reason\":\"Food mismatch: ordered item maps to expected, but evidence consistently shows pizza (MOCK).\",\"decision\":\"FOOD_MISMATCH\",\"suspicious_capture\":false,\"challenge_consistent\":true,\"checks\":{\"files_valid\":true,\"quality_ok\":true,\"screen_recap_suspected\":false,\"metadata_ok\":true},\"ai_provider\":null,\"face_detected\":false,\"predicted_label\":\"pizza\",\"prediction_confidence\":0.85,\"expected_labels\":[\"hamburger\"],\"matched_frames\":0,\"total_frames\":3,\"per_frame_predictions\":[],\"raw model summary\":\"None\",\"verified\":true}"
  }
}
--- Database Verification ---
predicted_label: pizza
prediction_confidence: 0.85
expected_labels: ["hamburger"]
face_detected: 0
verifier_decision: FOOD_MISMATCH
verifier_reason: Food mismatch: ordered item maps to expected, but evidence consistently shows pizza (MOCK).
mismatch_attempts: 1
warning_state: WARNING_SENT
final status in DB: PENDING

=== SCENARIO: Food Mismatch (Second Attempt / Retry) ===
HTTP Status: 500
Response Body: {
  "message": "Internal server error"
}
--- Database Verification ---
predicted_label: pizza
prediction_confidence: 0.85
expected_labels: ["hamburger"]
face_detected: 0
verifier_decision: FOOD_MISMATCH
verifier_reason: Food mismatch: ordered item maps to expected, but evidence consistently shows pizza (MOCK).
mismatch_attempts: 1
warning_state: WARNING_SENT
final status in DB: PENDING

=== SCENARIO: Food Match Plausible Check ===
HTTP Status: 201
Response Body: {
  "message": "Complaint processed",
  "complaint": {
    "id": 34,
    "complaint_id": 34,
    "order_id": 17,
    "customer_id": 1,
    "restaurant_id": 1,
    "type": "QUALITY_ISSUE",
    "description": "E2E Test: Food Match Plausible Check",
    "status": "PENDING",
    "ai_decision": "APPROVE",
    "trust_score": 95,
    "ai_score": 95,
    "decision_reason": "Camera evidence verified. Trust evaluation: approved (95/100). policy: Expected food item found in 3 of 3 frames (MOCK).",
    "image_path": "/uploads/complaints/camera-e9918b37-f3af-44cd-9ff2-e1ae102ae235-1-1779872444344_mock_plausible.png",
    "image_path_2": "/uploads/complaints/camera-e9918b37-f3af-44cd-9ff2-e1ae102ae235-2-1779872444345_mock_plausible.png",
    "image_path_3": "/uploads/complaints/camera-e9918b37-f3af-44cd-9ff2-e1ae102ae235-3-1779872444347_mock_plausible.png",
    "image_is_ai": 0,
    "suspicious_capture": 0,
    "verification_decision": "FOOD_MATCH_PLAUSIBLE",
    "verification_confidence": 0.92,
    "ai_confidence": 0.92,
    "verification_reason": "Expected food item found in 3 of 3 frames (MOCK).",
    "challenge_completed": 1,
    "created_at": "2026-05-27T09:00:44.899Z",
    "predicted_label": "hamburger",
    "prediction_confidence": 0.92,
    "face_detected": 0,
    "expected_labels": "[\"hamburger\"]",
    "verifier_decision": "FOOD_MATCH_PLAUSIBLE",
    "verifier_reason": "Expected food item found in 3 of 3 frames (MOCK).",
    "mismatch_attempts": 0,
    "warning_state": null,
    "raw_verifier_response": "{\"is_ai_generated\":false,\"is_appropriate\":true,\"confidence\":0.92,\"reason\":\"Expected food item found in 3 of 3 frames (MOCK).\",\"decision\":\"FOOD_MATCH_PLAUSIBLE\",\"suspicious_capture\":false,\"challenge_consistent\":true,\"checks\":{\"files_valid\":true,\"quality_ok\":true,\"screen_recap_suspected\":false,\"metadata_ok\":true},\"ai_provider\":null,\"face_detected\":false,\"predicted_label\":\"hamburger\",\"prediction_confidence\":0.92,\"expected_labels\":[\"hamburger\"],\"matched_frames\":3,\"total_frames\":3,\"per_frame_predictions\":[],\"raw model summary\":\"None\",\"verified\":true}"
  }
}
--- Database Verification ---
predicted_label: hamburger
prediction_confidence: 0.92
expected_labels: ["hamburger"]
face_detected: 0
verifier_decision: FOOD_MATCH_PLAUSIBLE
verifier_reason: Expected food item found in 3 of 3 frames (MOCK).
mismatch_attempts: 0
warning_state: null
final status in DB: PENDING

=== SCENARIO: Uncertain / No Mapping Check ===
HTTP Status: 201
Response Body: {
  "message": "Complaint processed",
  "complaint": {
    "id": 35,
    "complaint_id": 35,
    "order_id": 17,
    "customer_id": 1,
    "restaurant_id": 1,
    "type": "QUALITY_ISSUE",
    "description": "E2E Test: Uncertain / No Mapping Check",
    "status": "PENDING",
    "ai_decision": "APPROVE",
    "trust_score": 95,
    "ai_score": 95,
    "decision_reason": "Camera evidence verified. Trust evaluation: approved (95/100). policy: Model classification is uncertain or no expected label mapping exists (MOCK).",
    "image_path": "/uploads/complaints/camera-71811a5e-e319-4628-8c82-cfd643ce7ce2-1-1779872444941_mock_uncertain.png",
    "image_path_2": "/uploads/complaints/camera-71811a5e-e319-4628-8c82-cfd643ce7ce2-2-1779872444956_mock_uncertain.png",
    "image_path_3": "/uploads/complaints/camera-71811a5e-e319-4628-8c82-cfd643ce7ce2-3-1779872444960_mock_uncertain.png",
    "image_is_ai": 0,
    "suspicious_capture": 0,
    "verification_decision": "UNCERTAIN",
    "verification_confidence": 0.55,
    "ai_confidence": 0.55,
    "verification_reason": "Model classification is uncertain or no expected label mapping exists (MOCK).",
    "challenge_completed": 1,
    "created_at": "2026-05-27T09:00:45.521Z",
    "predicted_label": "apple_pie",
    "prediction_confidence": 0.55,
    "face_detected": 0,
    "expected_labels": "[\"hamburger\"]",
    "verifier_decision": "UNCERTAIN",
    "verifier_reason": "Model classification is uncertain or no expected label mapping exists (MOCK).",
    "mismatch_attempts": 0,
    "warning_state": null,
    "raw_verifier_response": "{\"is_ai_generated\":false,\"is_appropriate\":false,\"confidence\":0.55,\"reason\":\"Model classification is uncertain or no expected label mapping exists (MOCK).\",\"decision\":\"UNCERTAIN\",\"suspicious_capture\":false,\"challenge_consistent\":true,\"checks\":{\"files_valid\":true,\"quality_ok\":true,\"screen_recap_suspected\":false,\"metadata_ok\":true},\"ai_provider\":null,\"face_detected\":false,\"predicted_label\":\"apple_pie\",\"prediction_confidence\":0.55,\"expected_labels\":[\"hamburger\"],\"matched_frames\":1,\"total_frames\":3,\"per_frame_predictions\":[],\"raw model summary\":\"None\",\"verified\":true}"
  }
}
--- Database Verification ---
predicted_label: apple_pie
prediction_confidence: 0.55
expected_labels: ["hamburger"]
face_detected: 0
verifier_decision: UNCERTAIN
verifier_reason: Model classification is uncertain or no expected label mapping exists (MOCK).
mismatch_attempts: 0
warning_state: null
final status in DB: PENDING

=== RETRY & DUPLICATE BLOCKS VERIFICATION ===

=== SCENARIO: Plausible Match Baseline ===
HTTP Status: 201
Response Body: {
  "message": "Complaint processed",
  "complaint": {
    "id": 36,
    "complaint_id": 36,
    "order_id": 17,
    "customer_id": 1,
    "restaurant_id": 1,
    "type": "QUALITY_ISSUE",
    "description": "E2E Test: Plausible Match Baseline",
    "status": "PENDING",
    "ai_decision": "APPROVE",
    "trust_score": 95,
    "ai_score": 95,
    "decision_reason": "Camera evidence verified. Trust evaluation: approved (95/100). policy: Expected food item found in 3 of 3 frames (MOCK).",
    "image_path": "/uploads/complaints/camera-3c2eee72-ca44-482f-83f6-43b9c28b5ff2-1-1779872445556_mock_plausible.png",
    "image_path_2": "/uploads/complaints/camera-3c2eee72-ca44-482f-83f6-43b9c28b5ff2-2-1779872445558_mock_plausible.png",
    "image_path_3": "/uploads/complaints/camera-3c2eee72-ca44-482f-83f6-43b9c28b5ff2-3-1779872445560_mock_plausible.png",
    "image_is_ai": 0,
    "suspicious_capture": 0,
    "verification_decision": "FOOD_MATCH_PLAUSIBLE",
    "verification_confidence": 0.92,
    "ai_confidence": 0.92,
    "verification_reason": "Expected food item found in 3 of 3 frames (MOCK).",
    "challenge_completed": 1,
    "created_at": "2026-05-27T09:00:46.149Z",
    "predicted_label": "hamburger",
    "prediction_confidence": 0.92,
    "face_detected": 0,
    "expected_labels": "[\"hamburger\"]",
    "verifier_decision": "FOOD_MATCH_PLAUSIBLE",
    "verifier_reason": "Expected food item found in 3 of 3 frames (MOCK).",
    "mismatch_attempts": 0,
    "warning_state": null,
    "raw_verifier_response": "{\"is_ai_generated\":false,\"is_appropriate\":true,\"confidence\":0.92,\"reason\":\"Expected food item found in 3 of 3 frames (MOCK).\",\"decision\":\"FOOD_MATCH_PLAUSIBLE\",\"suspicious_capture\":false,\"challenge_consistent\":true,\"checks\":{\"files_valid\":true,\"quality_ok\":true,\"screen_recap_suspected\":false,\"metadata_ok\":true},\"ai_provider\":null,\"face_detected\":false,\"predicted_label\":\"hamburger\",\"prediction_confidence\":0.92,\"expected_labels\":[\"hamburger\"],\"matched_frames\":3,\"total_frames\":3,\"per_frame_predictions\":[],\"raw model summary\":\"None\",\"verified\":true}"
  }
}
--- Database Verification ---
predicted_label: hamburger
prediction_confidence: 0.92
expected_labels: ["hamburger"]
face_detected: 0
verifier_decision: FOOD_MATCH_PLAUSIBLE
verifier_reason: Expected food item found in 3 of 3 frames (MOCK).
mismatch_attempts: 0
warning_state: null
final status in DB: PENDING

--- Duplicate complaint block test ---
Duplicate Post Status (Expected 409): 409
Duplicate Post Body: {
  "message": "Complaint already exists for this order"
}
